[env] Loaded .env from C:\Users\hsj20\OneDrive\臾몄꽌\GitHub\Pet-Abnormal-Behavior-Observation-Service\backend\.env
[1] Saving behavior/emotion/sound data to Firebase...
    Path: users/test_user_diary/day/2026-03-11/{push_key}
    [OK] Saved! key=-OnRem4OdsJzBSh2bPKD, userId=test_user_diary, date=2026-03-11

[2] Generating LLM diary via Groq API...
    GROQ_API_KEY present: True

============================================================
[OK] Generated diary:
============================================================
**諛섎젮?숇Ъ???됰룞 遺꾩꽍 ?쇨린**

?ㅻ뒛? ???諛섎젮?숇Ъ??李??됰났???섎（??듬땲?? ?ㅽ썑 8??20遺꾧꼍遺??31遺??ъ씠源뚯?, ???二쇱씤遺꾩씠 ?④퍡 ?곗콉???섏꽠?덈떎. 洹??숈븞 諛섎젮?숇Ъ? 二쇰줈 walking ?됰룞??蹂댁씠?④퀬, ?뱀떆 媛먯젙? happy ?곹깭濡?異붿젙?⑸땲?? ??紐⑥뒿??蹂대땲 李?湲곕텇??醫뗭븯?듬땲?? 諛섎젮?숇Ъ???됰났???뚮뒗 ??щ룄 ?④퍡 ?됰났?댁???寃?媛숈븘??醫뗭븯?듬땲??

諛섎젮?숇Ъ??二쇰줈 barking ?뚮━瑜??덈떎???먯쓣 ?뺤씤?덉뒿?덈떎. ???뚮━??二쇰줈 ?됰났怨?利먭굅????쒗쁽?섎뒗 ?좏샇濡?蹂댁엯?덈떎. ?섏?留? 諛섎젮?숇Ъ???뚮━瑜??덈Т 留롮씠 ?덉쓣 ?뚮뒗 二쇱쓽媛 ?꾩슂?섎떎???먮룄 湲곗뼲???먯떆湲?諛붾엻?덈떎. ?덈Т 留롮? ?뚮━瑜??덈떎媛???ㅻⅨ ?숇Ъ?먭쾶 遺덉풄媛먯쓣 以??섎룄 ?덉쑝誘濡? 二쇱쓽媛 ?꾩슂?섎떎???먯쓣 ?뚮젮?쒕━怨??띠뒿?덈떎.

???諛섎젮?숇Ъ???ㅻ뒛 ?섎（??李??됰났?섍퀬 ?쒓린李??섎（??듬땲?? 留ㅼ씪留ㅼ씪???묒? ?쒓컙?먮룄 ?됰났怨?利먭굅????먮겮??寃껋씠 以묒슂?섎떎??寃껋쓣 ?ㅼ떆湲??먭펷?듬땲?? 諛섎젮?숇Ъ怨??④퍡?섎뒗 ?띠? 李??됰났???띠씤 寃?媛숈뒿?덈떎.
============================================================

[3] Verifying Firebase: users/test_user_diary/LLM_diary/2026-03-11
    [OK] Diary saved! First 80 chars: **諛섎젮?숇Ъ???됰룞 遺꾩꽍 ?쇨린**

?ㅻ뒛? ???諛섎젮?숇Ъ??李??됰났???섎（??듬땲?? ?ㅽ썑 8??20遺꾧꼍遺??31遺??ъ씠源뚯?, ???二쇱씤遺꾩씠 ?④퍡...
